{"type": "header", "name": "1_dense", "args": {"kind": "dense", "name": "1_dense", "init": null, "n_exp": 8, "top_k": 2, "drop": 0.0, "aux": 0.01, "tokens": 20000000, "offset_tokens": 0, "batch": 32, "lr": 0.001, "warmup": 100, "seq_len": 256, "n_layer": 8, "n_head": 6, "d_model": 384, "log_every": 20, "eval_every": 250, "seed": 0, "save": "dense.pt"}, "cfg": {"vocab_size": 8192, "seq_len": 256, "n_layer": 8, "n_head": 6, "d_model": 384, "n_exp": 0, "top_k": 2, "aux_coef": 0.01}, "params": 17412864, "active_params": 17412864, "steps": 2441, "tokens_per_step": 8192, "device": "mps", "torch": "2.13.0"}
{"type": "eval", "step": 0, "tokens": 0, "val_loss": 9.08298921585083}
{"type": "step", "step": 1, "tokens": 8192, "loss": 9.078371047973633, "aux": 0.0, "grad_norm": 5.868995189666748, "lr": 1e-05, "train_time": 2.7, "tok_per_s": 3060}
{"type": "step", "step": 101, "tokens": 827392, "loss": 6.449671745300293, "aux": 0.0, "grad_norm": 0.5377387404441833, "lr": 0.001, "train_time": 68.9, "tok_per_s": 12865}
{"type": "step", "step": 201, "tokens": 1646592, "loss": 6.003796100616455, "aux": 0.0, "grad_norm": 0.7210918068885803, "lr": 0.000995953984335638, "train_time": 137.3, "tok_per_s": 14046}
{"type": "eval", "step": 250, "tokens": 2048000, "val_loss": 5.9570381999015805}
{"type": "step", "step": 301, "tokens": 2465792, "loss": 5.84735107421875, "aux": 0.0, "grad_norm": 0.4668618142604828, "lr": 0.0009838886939770239, "train_time": 208.4, "tok_per_s": 6914}
{"type": "step", "step": 401, "tokens": 3284992, "loss": 5.624258041381836, "aux": 0.0, "grad_norm": 0.5033665299415588, "lr": 0.0009640210904965401, "train_time": 265.9, "tok_per_s": 13906}
{"type": "eval", "step": 500, "tokens": 4096000, "val_loss": 5.5200305581092834}
{"type": "step", "step": 501, "tokens": 4104192, "loss": 5.565515518188477, "aux": 0.0, "grad_norm": 0.5003371238708496, "lr": 0.000936708438938166, "train_time": 329.6, "tok_per_s": 13295}
{"type": "step", "step": 601, "tokens": 4923392, "loss": 5.462459087371826, "aux": 0.0, "grad_norm": 0.5432790517807007, "lr": 0.000902441883373193, "train_time": 388.2, "tok_per_s": 14285}
{"type": "step", "step": 701, "tokens": 5742592, "loss": 5.29694938659668, "aux": 0.0, "grad_norm": 0.5400159358978271, "lr": 0.0008618376150041964, "train_time": 473.4, "tok_per_s": 14629}
{"type": "eval", "step": 750, "tokens": 6144000, "val_loss": 5.214727997779846}
{"type": "step", "step": 801, "tokens": 6561792, "loss": 5.121819019317627, "aux": 0.0, "grad_norm": 0.5869230628013611, "lr": 0.0008156257916350032, "train_time": 531.0, "tok_per_s": 14218}
{"type": "step", "step": 901, "tokens": 7380992, "loss": 5.142084121704102, "aux": 0.0, "grad_norm": 0.6016124486923218, "lr": 0.0007646374077599705, "train_time": 588.9, "tok_per_s": 14320}
{"type": "eval", "step": 1000, "tokens": 8192000, "val_loss": 5.0074766874313354}
{"type": "step", "step": 1001, "tokens": 8200192, "loss": 5.057600498199463, "aux": 0.0, "grad_norm": 0.6256623864173889, "lr": 0.0007097893513784715, "train_time": 647.4, "tok_per_s": 14207}
{"type": "step", "step": 1101, "tokens": 9019392, "loss": 4.9220476150512695, "aux": 0.0, "grad_norm": 0.5920395255088806, "lr": 0.0006520679162473037, "train_time": 706.1, "tok_per_s": 14039}
{"type": "step", "step": 1201, "tokens": 9838592, "loss": 4.853572368621826, "aux": 0.0, "grad_norm": 0.5974061489105225, "lr": 0.0005925110660585115, "train_time": 763.9, "tok_per_s": 14106}
{"type": "eval", "step": 1250, "tokens": 10240000, "val_loss": 4.834691190719605}
{"type": "step", "step": 1301, "tokens": 10657792, "loss": 4.821702003479004, "aux": 0.0, "grad_norm": 0.6045504212379456, "lr": 0.0005321897694733575, "train_time": 821.6, "tok_per_s": 14411}
{"type": "step", "step": 1401, "tokens": 11476992, "loss": 4.727110862731934, "aux": 0.0, "grad_norm": 0.6564998030662537, "lr": 0.0004721887416512999, "train_time": 885.1, "tok_per_s": 14243}
{"type": "eval", "step": 1500, "tokens": 12288000, "val_loss": 4.697443950176239}
{"type": "step", "step": 1501, "tokens": 12296192, "loss": 4.601202964782715, "aux": 0.0, "grad_norm": 0.6711282134056091, "lr": 0.0004135869385854314, "train_time": 942.9, "tok_per_s": 13738}
{"type": "step", "step": 1601, "tokens": 13115392, "loss": 4.569626808166504, "aux": 0.0, "grad_norm": 0.657160758972168, "lr": 0.00035743815500092715, "train_time": 1001.1, "tok_per_s": 13961}
{"type": "step", "step": 1701, "tokens": 13934592, "loss": 4.565396785736084, "aux": 0.0, "grad_norm": 0.6770387887954712, "lr": 0.0003047520747107548, "train_time": 1059.3, "tok_per_s": 14233}
{"type": "eval", "step": 1750, "tokens": 14336000, "val_loss": 4.580579674243927}
{"type": "step", "step": 1801, "tokens": 14753792, "loss": 4.548061370849609, "aux": 0.0, "grad_norm": 0.6817680597305298, "lr": 0.0002564761141866831, "train_time": 1118.2, "tok_per_s": 14396}
{"type": "step", "step": 1901, "tokens": 15572992, "loss": 4.420121192932129, "aux": 0.0, "grad_norm": 0.7361783385276794, "lr": 0.00021347838583978955, "train_time": 1176.5, "tok_per_s": 13776}
{"type": "eval", "step": 2000, "tokens": 16384000, "val_loss": 4.494693803787231}
{"type": "step", "step": 2001, "tokens": 16392192, "loss": 4.572564601898193, "aux": 0.0, "grad_norm": 0.7031159996986389, "lr": 0.00017653208736973457, "train_time": 1234.3, "tok_per_s": 14072}
{"type": "step", "step": 2101, "tokens": 17211392, "loss": 4.541062831878662, "aux": 0.0, "grad_norm": 0.7214427590370178, "lr": 0.00014630159789807368, "train_time": 1291.9, "tok_per_s": 14267}
{"type": "step", "step": 2201, "tokens": 18030592, "loss": 4.425450325012207, "aux": 0.0, "grad_norm": 0.7279995679855347, "lr": 0.00012333053090900098, "train_time": 1351.7, "tok_per_s": 14107}
{"type": "eval", "step": 2250, "tokens": 18432000, "val_loss": 4.436490643024444}
{"type": "step", "step": 2301, "tokens": 18849792, "loss": 4.476767539978027, "aux": 0.0, "grad_norm": 0.8116877675056458, "lr": 0.00010803195883302724, "train_time": 1411.9, "tok_per_s": 13593}
{"type": "step", "step": 2401, "tokens": 19668992, "loss": 4.391706943511963, "aux": 0.0, "grad_norm": 0.7490343451499939, "lr": 0.0001006809850579825, "train_time": 1473.9, "tok_per_s": 13391}
{"type": "step", "step": 2441, "tokens": 19996672, "loss": 4.370544910430908, "aux": 0.0, "grad_norm": 0.7545782327651978, "lr": 0.00010000040520926884, "train_time": 1498.3, "tok_per_s": 13433}
{"type": "eval", "step": 2441, "tokens": 19996672, "val_loss": 4.409017741680145}
{"type": "summary", "name": "1_dense", "val_loss_start": 9.08298921585083, "val_loss_final": 4.409017741680145, "train_loss_last10": 4.373596239089966, "params": 17412864, "active_params": 17412864, "train_seconds": 1498.3, "tok_per_s": 13346}
